---
source: tests/test_1962.rs
expression: line
---
2025-03-31|Feria II week IV of Lent|III|Feria II week IV of Lent|
