---
source: tests/test_1962.rs
expression: line
---
2026-08-25|Feria III week XIII after the octave of Pentecost (Week 4 of August)|III|St. Louis, King and Confessor|
