---
source: tests/test_1962.rs
expression: line
---
2025-02-20|Feria V after Septuagesima|III|Feria V after Septuagesima|
