---
source: tests/test_1962.rs
expression: line
---
2026-01-15|Feria V week I after Epiphany|III|St. Paul, first hermit and Confessor|St. Maurus, Abbot
