---
source: tests/test_of.rs
expression: line
---
2026-11-26|Feria V week XXXIV of Ordinary Time|Feria|Feria V week XXXIV of Ordinary Time|
