---
source: tests/test_1962.rs
expression: line
---
2025-05-20|Feria III week V of Eastertide|III|St. Bernardine of Siena, Confessor|
