---
source: tests/test_1962.rs
expression: line
---
2025-08-08|Feria VI week VIII after the octave of Pentecost (Week 1 of August)|III|St. John Mary Vianney, Confessor and Priest|Ss. Cyriacus, Largus, and Smaragdus, Martyrs
