---
source: tests/test_1962.rs
expression: line
---
2026-11-06|Feria VI week XXIII after the octave of Pentecost (Week 1 of November)|III|Feria VI week XXIII after the octave of Pentecost (Week 1 of November)|
