---
source: tests/test_1962.rs
expression: line
---
2026-11-03|Feria III week XXIII after the octave of Pentecost (Week 1 of November)|III|Feria III week XXIII after the octave of Pentecost (Week 1 of November)|
