---
source: tests/test_of.rs
expression: line
---
2026-10-17|Sabbato week XXVIII of Ordinary Time|Memorial|St. Ignatius of Antioch, Bishop and Martyr|
