---
source: tests/test_of.rs
expression: line
---
2025-03-09|Dominica I of Lent|Major Sunday|Dominica I of Lent|
