---
source: tests/test_of.rs
expression: line
---
2024-12-26|Feria V in the Octave of Christmas|Feast|St. Stephen, First Martyr|
