---
source: tests/test_of.rs
expression: line
---
2026-07-12|Dominica XV of Ordinary Time|Sunday|Dominica XV of Ordinary Time|
