---
source: tests/test_1962.rs
expression: line
---
2025-10-01|Feria IV week XVI after the octave of Pentecost (Week 4 of September)|III|Feria IV week XVI after the octave of Pentecost (Week 4 of September)|St. Remigius, Bishop and Confessor
