---
source: tests/test_1962.rs
expression: line
---
2025-07-24|Feria V week VI after the octave of Pentecost|III|Feria V week VI after the octave of Pentecost|St. Christina, Virgin and Martyr
