---
source: tests/test_of.rs
expression: line
---
2025-02-05|Feria IV week IV of Ordinary Time|Memorial|St. Agatha, Virgin and Martyr|
