---
source: tests/test_1962.rs
expression: line
---
2025-01-19|Dominica II after Epiphany|II|Dominica II after Epiphany|
