---
source: tests/test_1962.rs
expression: line
---
2026-01-12|Feria II of Epiphany|III|Feria II of Epiphany|
