---
source: tests/test_1962.rs
expression: line
---
2025-12-25|Feria V in the Octave of Christmas|I|The Nativity of our Lord Jesus Christ|St. Anastasia, Martyr
