---
source: tests/test_of.rs
expression: line
---
2025-03-01|Sabbato week VII of Ordinary Time|Feria|Sabbato week VII of Ordinary Time|BVM on Saturday
