---
source: tests/test_of.rs
expression: line
---
2025-01-08|Feria IV in Christmas|Feria|Feria IV in Christmas|
