---
source: tests/test_1962.rs
expression: line
---
2026-05-22|Feria VI week VII of Eastertide|III|Feria VI week VII of Eastertide|
