---
source: tests/test_of.rs
expression: line
---
2026-05-27|Feria IV week VIII of Ordinary Time|Feria|Feria IV week VIII of Ordinary Time|St. Augustine of Canterbury, Bishop
