---
source: tests/test_1962.rs
expression: line
---
2025-04-28|Feria II week II of Eastertide|III|St. Paul of the Cross, Confessor|
