---
source: tests/test_of.rs
expression: line
---
2025-12-12|Feria VI week II of Advent|Feast|Our Lady of Guadalupe|
