---
source: tests/test_of.rs
expression: line
---
2025-11-25|Feria III week XXXIV of Ordinary Time|Feria|Feria III week XXXIV of Ordinary Time|St. Catherine of Alexandria, Virgin and Martyr
