---
source: tests/test_1962.rs
expression: line
---
2025-04-20|Dominica after start after Easter Sunday|I|Easter Sunday|
