---
source: tests/test_of.rs
expression: line
---
2025-04-27|Dominica II of Easter|Sunday|Dominica II of Easter|
