---
source: tests/test_1954.rs
expression: line
---
2025-03-07|Feria VI after start of Lent|Double|St. Thomas Aquinas, Confessor and Doctor of the Church|Feria VI after start of Lent
