---
source: tests/test_1962.rs
expression: line
---
2025-03-19|Feria IV week II of Lent|I|St. Joseph, Spouse of the Blessed Virgin Mary and Confessor and Patron of the Universal Church|Feria IV week II of Lent
