---
source: tests/test_1954.rs
expression: line
---
2025-02-07|Feria VI week IV after Epiphany|Double|St. Romuald, Abbot|
