---
source: tests/test_of.rs
expression: line
---
2026-03-20|Feria VI week IV of Lent|Feria|Feria VI week IV of Lent|
