---
source: tests/test_of.rs
expression: line
---
2024-12-30|Feria II week II of Christmas|Feria|Day 6 in the Octave of Christmas|
