---
source: tests/test_1962.rs
expression: line
---
2026-04-09|Feria V week I of Eastertide|I|Day 5 in the Octave of Easter|
