---
source: tests/test_1962.rs
expression: line
---
2026-07-06|Feria II week VI after the octave of Pentecost|III|Feria II week VI after the octave of Pentecost|
