---
source: tests/test_of.rs
expression: line
---
2026-08-06|Feria V week XVIII of Ordinary Time|Feast|The Transfiguration of the Lord|
