---
source: tests/test_of.rs
expression: line
---
2026-09-10|Feria V week XXIII of Ordinary Time|Feria|Feria V week XXIII of Ordinary Time|
