---
source: tests/test_1954.rs
expression: line
---
2025-01-08|Feria IV week III of Christmas|Day within a Privileged 2nd Class Octave|Day 3 in the Octave of Epiphany|
