---
source: tests/test_1962.rs
expression: line
---
2025-08-11|Feria II week IX after the octave of Pentecost (Week 2 of August)|III|Feria II week IX after the octave of Pentecost (Week 2 of August)|Ss. Tiburtius and Susanna, Virgin and Martyrs
