---
source: tests/test_1954.rs
expression: line
---
2025-01-15|Feria IV week I after Epiphany|Double|St. Paul, First Hermit and Confessor|St. Maurus, Abbot
