---
source: tests/test_of.rs
expression: line
---
2025-05-02|Feria VI week II of Eastertide|Memorial|St. Athanasius, Bishop and Doctor of the Church|
