---
source: tests/test_of.rs
expression: line
---
2026-03-03|Feria III week II of Lent|Feria|Feria III week II of Lent|St. Katharine Drexel, Virgin
