---
source: tests/test_of.rs
expression: line
---
2026-08-24|Feria II week XXI of Ordinary Time|Feast|St. Bartholomew, Apostle|
