---
source: tests/test_1962.rs
expression: line
---
2026-03-01|Dominica II of Lent|I|Dominica II of Lent|
