---
source: tests/test_of.rs
expression: line
---
2026-01-06|Feria III in Christmas|Feria|Feria III in Christmas|St. Andr√© Bessette, Religious
