---
source: tests/test_of.rs
expression: line
---
2025-09-02|Feria III week XXII of Ordinary Time|Feria|Feria III week XXII of Ordinary Time|
