---
source: tests/test_of.rs
expression: line
---
2026-06-18|Feria V week XI of Ordinary Time|Feria|Feria V week XI of Ordinary Time|
