---
source: tests/test_of.rs
expression: line
---
2026-07-03|Feria VI week XIII of Ordinary Time|Feast|St. Thomas, Apostle|
