---
source: tests/test_of.rs
expression: line
---
2026-10-15|Feria V week XXVIII of Ordinary Time|Memorial|St. Teresa of Jesus, Virgin and Doctor of the Church|
