---
source: tests/test_of.rs
expression: line
---
2026-10-20|Feria III week XXIX of Ordinary Time|Feria|Feria III week XXIX of Ordinary Time|
